[    0.000000] Linux version 6.5.0-4 (linux@archlinux) (gcc (GCC) 13.2.1 20230801, GNU ld (GNU Binutils) 2.41.0) #1 SMP PREEMPT Thu, 31 Aug 2023 09:38:08 +0000
[    0.000000] 64-bit Loongson Processor probed (LA464 Core)
[    0.000000] CPU0 revision is: 0014c011 (Loongson-64bit)
[    0.000000] FPU0 revision is: 00000000
[    0.000000] efi: EFI v2.7 by KunlunTech
[    0.000000] efi: SMBIOS 3.0=0xfe960000 ACPI 2.0=0xfa6c0000 INITRD=0xfa600e18 MEMRESERVE=0xfa600b98 MEMMAP=0xf969e998 
[    0.000000] ACPI: Early table checksum verification disabled
[    0.000000] ACPI: RSDP 0x00000000FA6C0000 000024 (v02 LOONGS)
[    0.000000] ACPI: XSDT 0x00000000FA6B0000 000054 (v01 LOONGS LOONGSON 00000002      01000013)
[    0.000000] ACPI: FACP 0x00000000FA680000 0000F4 (v03 LOONGS LOONGSON 00000002 LIUX 01000013)
[    0.000000] ACPI: DSDT 0x00000000FA660000 0025F5 (v02 LOONGS LOONGSON 00000002 INTL 20160527)
[    0.000000] ACPI: FACS 0x00000000FA690000 000040
[    0.000000] ACPI: APIC 0x00000000FA6A0000 0000BE (v01 LOONGS LOONGSON 00000002 LIUX 01000013)
[    0.000000] ACPI: MCFG 0x00000000FA670000 00003C (v01 LOONGS LOONGSON 00000001 LIUX 01000013)
[    0.000000] ACPI: SRAT 0x00000000FA650000 0000C0 (v02 LOONGS LOONGSON 00000002 LIUX 01000013)
[    0.000000] ACPI: SLIT 0x00000000FA640000 00002D (v01 LOONGS LOONGSON 00000002 LIUX 01000013)
[    0.000000] ACPI: VIAT 0x00000000FA630000 00002C (v01 LOONGS LOONGSON 00000002 LIUX 01000013)
[    0.000000] OF: fdt: No valid device tree found, continuing without
[    0.000000] SRAT: PXM 0 -> CPU 0x00 -> Node 0
[    0.000000] SRAT: PXM 0 -> CPU 0x01 -> Node 0
[    0.000000] SRAT: PXM 0 -> CPU 0x02 -> Node 0
[    0.000000] SRAT: PXM 0 -> CPU 0x03 -> Node 0
[    0.000000] ACPI: SRAT: Node 0 PXM 0 [mem 0x00000000-0x0fffffff]
[    0.000000] ACPI: SRAT: Node 0 PXM 0 [mem 0x90000000-0x47fffffff]
[    0.000000] Node0: mem_type:2, mem_start:0x200000, mem_size:0x1710000 Bytes
[    0.000000]        start_pfn:0x80, end_pfn:0x644, num_physpages:0x5c4
[    0.000000] Node0: mem_type:7, mem_start:0x1910000, mem_size:0xd6f0000 Bytes
[    0.000000]        start_pfn:0x644, end_pfn:0x3c00, num_physpages:0x3b80
[    0.000000] Resvd: mem_type:6, mem_start:0x10000000, mem_size:0x10000000 Bytes
[    0.000000] Node0: mem_type:7, mem_start:0x90400000, mem_size:0x2fcc0000 Bytes
[    0.000000]        start_pfn:0x24100, end_pfn:0x30030, num_physpages:0xfab0
[    0.000000] Node0: mem_type:4, mem_start:0xc00c0000, mem_size:0x420000 Bytes
[    0.000000]        start_pfn:0x30030, end_pfn:0x30138, num_physpages:0xfbb8
[    0.000000] Node0: mem_type:7, mem_start:0xc04e0000, mem_size:0x38960000 Bytes
[    0.000000]        start_pfn:0x30138, end_pfn:0x3e390, num_physpages:0x1de10
[    0.000000] Node0: mem_type:2, mem_start:0xf8e40000, mem_size:0x850000 Bytes
[    0.000000]        start_pfn:0x3e390, end_pfn:0x3e5a4, num_physpages:0x1e024
[    0.000000] Node0: mem_type:9, mem_start:0xf9690000, mem_size:0x10000 Bytes
[    0.000000]        start_pfn:0x3e5a4, end_pfn:0x3e5a8, num_physpages:0x1e028
[    0.000000] Resvd: mem_type:9, mem_start:0xf9690000, mem_size:0x10000 Bytes
[    0.000000] Node0: mem_type:7, mem_start:0xf96a0000, mem_size:0xc000 Bytes
[    0.000000]        start_pfn:0x3e5a8, end_pfn:0x3e5ab, num_physpages:0x1e02b
[    0.000000] Node0: mem_type:1, mem_start:0xf96ac000, mem_size:0x7ca000 Bytes
[    0.000000]        start_pfn:0x3e5ab, end_pfn:0x3e79d, num_physpages:0x1e21d
[    0.000000] Node0: mem_type:2, mem_start:0xf9e76000, mem_size:0x78b000 Bytes
[    0.000000]        start_pfn:0x3e79d, end_pfn:0x3e980, num_physpages:0x1e3ff
[    0.000000] Node0: mem_type:7, mem_start:0xfa601000, mem_size:0x5000 Bytes
[    0.000000]        start_pfn:0x3e980, end_pfn:0x3e981, num_physpages:0x1e400
[    0.000000] Node0: mem_type:2, mem_start:0xfa606000, mem_size:0x1000 Bytes
[    0.000000]        start_pfn:0x3e981, end_pfn:0x3e981, num_physpages:0x1e400
[    0.000000] Node0: mem_type:1, mem_start:0xfa607000, mem_size:0x29000 Bytes
[    0.000000]        start_pfn:0x3e981, end_pfn:0x3e98c, num_physpages:0x1e40a
[    0.000000] Node0: mem_type:9, mem_start:0xfa630000, mem_size:0x60000 Bytes
[    0.000000]        start_pfn:0x3e98c, end_pfn:0x3e9a4, num_physpages:0x1e422
[    0.000000] Resvd: mem_type:9, mem_start:0xfa630000, mem_size:0x60000 Bytes
[    0.000000] Node0: mem_type:9, mem_start:0xfa6a0000, mem_size:0x30000 Bytes
[    0.000000]        start_pfn:0x3e9a8, end_pfn:0x3e9b4, num_physpages:0x1e42e
[    0.000000] Resvd: mem_type:9, mem_start:0xfa6a0000, mem_size:0x30000 Bytes
[    0.000000] Node0: mem_type:7, mem_start:0xfa6d0000, mem_size:0x1b4c000 Bytes
[    0.000000]        start_pfn:0x3e9b4, end_pfn:0x3f087, num_physpages:0x1eb01
[    0.000000] Node0: mem_type:4, mem_start:0xfc21c000, mem_size:0x14b4000 Bytes
[    0.000000]        start_pfn:0x3f087, end_pfn:0x3f5b4, num_physpages:0x1f02e
[    0.000000] Node0: mem_type:7, mem_start:0xfd6d0000, mem_size:0xb4e000 Bytes
[    0.000000]        start_pfn:0x3f5b4, end_pfn:0x3f887, num_physpages:0x1f301
[    0.000000] Node0: mem_type:3, mem_start:0xfe21e000, mem_size:0x3b2000 Bytes
[    0.000000]        start_pfn:0x3f887, end_pfn:0x3f974, num_physpages:0x1f3ed
[    0.000000] Resvd: mem_type:5, mem_start:0xfe5d0000, mem_size:0x100000 Bytes
[    0.000000] Resvd: mem_type:6, mem_start:0xfe6d0000, mem_size:0x300000 Bytes
[    0.000000] Node0: mem_type:7, mem_start:0xfe9d0000, mem_size:0x28000 Bytes
[    0.000000]        start_pfn:0x3fa74, end_pfn:0x3fa7e, num_physpages:0x1f3f7
[    0.000000] Node0: mem_type:4, mem_start:0xfe9f8000, mem_size:0x21000 Bytes
[    0.000000]        start_pfn:0x3fa7e, end_pfn:0x3fa86, num_physpages:0x1f3ff
[    0.000000] Node0: mem_type:3, mem_start:0xfea19000, mem_size:0x22000 Bytes
[    0.000000]        start_pfn:0x3fa86, end_pfn:0x3fa8e, num_physpages:0x1f407
[    0.000000] Node0: mem_type:4, mem_start:0xfea3b000, mem_size:0x5b1000 Bytes
[    0.000000]        start_pfn:0x3fa8e, end_pfn:0x3fbfb, num_physpages:0x1f573
[    0.000000] Node0: mem_type:3, mem_start:0xfefec000, mem_size:0x12000 Bytes
[    0.000000]        start_pfn:0x3fbfb, end_pfn:0x3fbff, num_physpages:0x1f577
[    0.000000] Node0: mem_type:4, mem_start:0xfeffe000, mem_size:0x2000 Bytes
[    0.000000]        start_pfn:0x3fbff, end_pfn:0x3fc00, num_physpages:0x1f577
[    0.000000] Node0: mem_type:7, mem_start:0xff000000, mem_size:0x37ef00000 Bytes
[    0.000000]        start_pfn:0x3fc00, end_pfn:0x11f7c0, num_physpages:0xff137
[    0.000000] Node0: mem_type:1, mem_start:0x47df00000, mem_size:0x2100000 Bytes
[    0.000000]        start_pfn:0x11f7c0, end_pfn:0x120000, num_physpages:0xff977
[    0.000000] Resvd: mem_type:0, mem_start:0xf000000, mem_size:0x1000000 Bytes
[    0.000000] Resvd: mem_type:0, mem_start:0x90000000, mem_size:0x400000 Bytes
[    0.000000] Node0's addrspace_offset is 0x0
[    0.000000] Node0: start_pfn=0x80, end_pfn=0x120000
[    0.000000] SMBIOS 3.2.0 present.
[    0.000000] DMI: Loongson LM-LS3A5000-7A2000-1w-V02-nb_A2207/LM-LS3A5000-7A2000-1w-V02-nb_A2207, BIOS KL.4.1H.LM.N.010.230320.R 03/20/2023
[    0.000000] CpuClock = 2000000000
[    0.000000] The BIOS Version: KL.4.1H.LM.N.010.230320.R
[    0.000000] software IO TLB: area num 4.
[    0.000000] software IO TLB: mapped [mem 0x0000000003bf0000-0x0000000007bf0000] (64MB)
[    0.000000] PM: hibernation: Registered nosave memory: [mem 0x03758000-0x0375bfff]
[    0.000000] Detected 4 available CPU(s)
[    0.000000] SMP: Allowing 4 CPUs, 0 hotplug CPUs
[    0.000000] Zone ranges:
[    0.000000]   DMA32    [mem 0x0000000000200000-0x00000000ffffffff]
[    0.000000]   Normal   [mem 0x0000000100000000-0x000000047fffffff]
[    0.000000] Movable zone start for each node
[    0.000000] Early memory node ranges
[    0.000000]   node   0: [mem 0x0000000000200000-0x000000000effffff]
[    0.000000]   node   0: [mem 0x0000000090400000-0x00000000fa68ffff]
[    0.000000]   node   0: [mem 0x00000000fa6a0000-0x00000000fe5cffff]
[    0.000000]   node   0: [mem 0x00000000fe9d0000-0x000000047fffffff]
[    0.000000] Initmem setup node 0 [mem 0x0000000000200000-0x000000047fffffff]
[    0.000000] On node 0, zone DMA32: 128 pages in unavailable ranges
[    0.000000] On node 0, zone DMA32: 34048 pages in unavailable ranges
[    0.000000] On node 0, zone DMA32: 4 pages in unavailable ranges
[    0.000000] On node 0, zone DMA32: 256 pages in unavailable ranges
[    0.000000] percpu: Embedded 5 pages/cpu s37672 r8192 d36056 u8388608
[    0.000000] pcpu-alloc: s37672 r8192 d36056 u8388608 alloc=1*33554432
[    0.000000] pcpu-alloc: [0] 0 1 2 3 
[    0.000000] Kernel command line: BOOT_IMAGE=/vmlinuz-linux root=UUID=195f8701-5c9d-43a8-b973-2916cf480e76 rw
[    0.000000] Unknown kernel command line parameters "BOOT_IMAGE=/vmlinuz-linux", will be passed to user space.
[    0.000000] Dentry cache hash table entries: 2097152 (order: 10, 16777216 bytes, linear)
[    0.000000] Inode-cache hash table entries: 1048576 (order: 9, 8388608 bytes, linear)
[    0.000000] Fallback order for Node 0: 0 
[    0.000000] Built 1 zonelists, mobility grouping on.  Total pages: 1042818
[    0.000000] Policy zone: Normal
[    0.000000] mem auto-init: stack:all(zero), heap alloc:on, heap free:off
[    0.000000] Memory: 16521488K/16750528K available (11840K kernel code, 3813K rwdata, 5580K rodata, 512K init, 877K bss, 229040K reserved, 0K cma-reserved)
[    0.000000] SLUB: HWalign=64, Order=0-3, MinObjects=0, CPUs=4, Nodes=1
[    0.000000] rcu: Preemptible hierarchical RCU implementation.
[    0.000000] rcu: 	RCU event tracing is enabled.
[    0.000000] rcu: 	RCU restricting CPUs from NR_CPUS=256 to nr_cpu_ids=4.
[    0.000000] 	Trampoline variant of Tasks RCU enabled.
[    0.000000] 	Tracing variant of Tasks RCU enabled.
[    0.000000] rcu: RCU calculated value of scheduler-enlistment delay is 25 jiffies.
[    0.000000] rcu: Adjusting geometry for rcu_fanout_leaf=16, nr_cpu_ids=4
[    0.000000] NR_IRQS: 576, nr_irqs: 576, preallocated irqs: 16
[    0.000000] rcu: srcu_init: Setting srcu_struct sizes based on contention.
[    0.000000] Constant clock event device register
[    0.000000] clocksource: Constant: mask: 0xffffffffffffffff max_cycles: 0x171024e7e0, max_idle_ns: 440795205315 ns
[    0.000000] sched_clock: 64 bits at 100MHz, resolution 10ns, wraps every 4398046511100ns
[    0.000003] Constant clock source device register
[    0.000126] Console: colour dummy device 80x25
[    0.000131] printk: console [tty0] enabled
[    0.000227] ACPI: Core revision 20230331
[    0.000294] Calibrating delay loop (skipped), value calculated using timer frequency.. 200.00 BogoMIPS (lpj=400000)
[    0.000306] pid_max: default: 32768 minimum: 301
[    0.000335] LSM: initializing lsm=capability,yama,integrity
[    0.000348] Yama: becoming mindful.
[    0.000407] Mount-cache hash table entries: 32768 (order: 4, 262144 bytes, linear)
[    0.000429] Mountpoint-cache hash table entries: 32768 (order: 4, 262144 bytes, linear)
[    0.000845] ACPI PPTT: No PPTT table found, CPU and cache topology may be inaccurate
[    0.000849] Invalid BIOS PPTT
[    0.001047] RCU Tasks: Setting shift to 2 and lim to 1 rcu_task_cb_adjust=1.
[    0.001071] RCU Tasks Trace: Setting shift to 2 and lim to 1 rcu_task_cb_adjust=1.
[    0.001092] Performance counters: loongarch/loongson64 PMU enabled, 4 64-bit counters available to each CPU.
[    0.001132] rcu: Hierarchical SRCU implementation.
[    0.001134] rcu: 	Max phase no-delay instances is 1000.
[    0.001390] smp: Bringing up secondary CPUs ...
[    0.001504] Booting CPU#1...
[    0.001532] 64-bit Loongson Processor probed (LA464 Core)
[    0.001535] CPU1 revision is: 0014c011 (Loongson-64bit)
[    0.001538] FPU1 revision is: 00000000
[    0.001551] CPU#1 finished
[    0.001692] Booting CPU#2...
[    0.001716] 64-bit Loongson Processor probed (LA464 Core)
[    0.001719] CPU2 revision is: 0014c011 (Loongson-64bit)
[    0.001722] FPU2 revision is: 00000000
[    0.001732] CPU#2 finished
[    0.001873] Booting CPU#3...
[    0.001892] 64-bit Loongson Processor probed (LA464 Core)
[    0.001895] CPU3 revision is: 0014c011 (Loongson-64bit)
[    0.001898] FPU3 revision is: 00000000
[    0.001908] CPU#3 finished
[    0.001946] smp: Brought up 1 node, 4 CPUs
[    0.002233] devtmpfs: initialized
[    0.003056] clocksource: jiffies: mask: 0xffffffff max_cycles: 0xffffffff, max_idle_ns: 7645041785100000 ns
[    0.003068] futex hash table entries: 1024 (order: 2, 65536 bytes, linear)
[    0.003124] pinctrl core: initialized pinctrl subsystem
[    0.003487] NET: Registered PF_NETLINK/PF_ROUTE protocol family
[    0.003688] audit: initializing netlink subsys (disabled)
[    0.003743] audit: type=2000 audit(0.004:1): state=initialized audit_enabled=0 res=1
[    0.003805] gpio gpiochip0: Static allocation of GPIO base is deprecated, use dynamic allocation.
[    0.003903] Error: Driver 'loongson-gpio' is already registered, aborting...
[    0.004042] thermal_sys: Registered thermal governor 'step_wise'
[    0.004095] hw-breakpoint: Found 8 breakpoint and 8 watchpoint registers.
[    0.004487] HugeTLB: registered 32.0 MiB page size, pre-allocated 0 pages
[    0.004492] HugeTLB: 112 KiB vmemmap can be freed for a 32.0 MiB page
[    0.006499] ACPI: Added _OSI(Module Device)
[    0.006508] ACPI: Added _OSI(Processor Device)
[    0.006510] ACPI: Added _OSI(3.0 _SCP Extensions)
[    0.006512] ACPI: Added _OSI(Processor Aggregator Device)
[    0.008593] ACPI: 1 ACPI AML tables successfully acquired and loaded
[    0.013687] ACPI Error: Could not enable GlobalLock event (20230331/evxfevnt-182)
[    0.013701] ACPI Warning: Could not enable fixed event - GlobalLock (1) (20230331/evxface-618)
[    0.013707] ACPI Error: No response from Global Lock hardware, disabling lock (20230331/evglock-59)
[    0.014057] ACPI: EC: EC started
[    0.014059] ACPI: EC: interrupt blocked
[    0.014125] ACPI: EC: EC_CMD/EC_SC=0x66, EC_DATA=0x62
[    0.014129] ACPI: \_SB_.PCI0.LPC_.EC__: Boot DSDT EC used to handle transactions
[    0.014133] ACPI: Interpreter enabled
[    0.014160] ACPI: PM: (supports S0 S3 S4 S5)
[    0.014163] ACPI: Using LPIC for interrupt routing
[    0.014181] ACPI: MCFG table detected, 1 entries
[    0.014856] ACPI: \_SB_.PCI0.PCIB.XHCI.PUBS: New power resource
[    0.017703] ACPI: PCI Root Bridge [PCI0] (domain 0000 [bus 00-ff])
[    0.017715] acpi PNP0A08:00: _OSC: OS supports [ExtendedConfig Segments MSI HPX-Type3]
[    0.017720] acpi PNP0A08:00: _OSC: not requesting OS control; OS requires [ExtendedConfig ASPM ClockPM MSI]
[    0.017728] acpi PNP0A08:00: _OSC: platform retains control of PCIe features (AE_NOT_FOUND)
[    0.017732] acpi PNP0A08:00: MCFG quirk: ECAM at [mem 0xefe00000000-0xefe0fffffff] for [bus 00-ff] with loongson_pci_ecam_ops
[    0.017746] acpi PNP0A08:00: ECAM at [mem 0xefe00000000-0xefe1fffffff] for [bus 00-ff]
[    0.017768] ACPI: Remapped I/O 0x0000000018000000 to [io  0x0000-0xffff window]
[    0.017914] PCI host bridge to bus 0000:00
[    0.017917] pci_bus 0000:00: root bus resource [io  0x0000-0xffff window]
[    0.017921] pci_bus 0000:00: root bus resource [mem 0xe0020000000-0xe007fffffff window] (bus address [0x20000000-0x7fffffff])
[    0.017924] pci_bus 0000:00: root bus resource [mem 0xe0100000000-0xefcffffffff window] (bus address [0x100000000-0xfcffffffff])
[    0.017928] pci_bus 0000:00: root bus resource [bus 00-ff]
[    0.017959] pci 0000:00:00.0: [0014:7a00] type 00 class 0x060000
[    0.018058] pci 0000:00:00.1: [0014:7a10] type 00 class 0x060000
[    0.018107] pci 0000:00:00.2: [0014:7a20] type 00 class 0x060000
[    0.018159] pci 0000:00:00.3: [0014:7a30] type 00 class 0x060000
[    0.018213] pci 0000:00:04.0: [0014:7a24] type 00 class 0x0c0310
[    0.018222] pci 0000:00:04.0: reg 0x10: [mem 0xe0143248000-0xe014324ffff 64bit]
[    0.018322] pci 0000:00:04.1: [0014:7a14] type 00 class 0x0c0320
[    0.018330] pci 0000:00:04.1: reg 0x10: [mem 0xe0143240000-0xe0143247fff 64bit]
[    0.018429] pci 0000:00:06.0: [0014:7a25] type 00 class 0x040000
[    0.018438] pci 0000:00:06.0: reg 0x10: [mem 0xe0143255000-0xe01432550ff 64bit]
[    0.018444] pci 0000:00:06.0: reg 0x18: [mem 0xe0100000000-0xe013fffffff 64bit]
[    0.018450] pci 0000:00:06.0: reg 0x20: [mem 0xe0143230000-0xe014323ffff 64bit]
[    0.018496] pci 0000:00:06.1: [0014:7a36] type 00 class 0x030000
[    0.018504] pci 0000:00:06.1: reg 0x10: [mem 0xe0143220000-0xe014322ffff 64bit]
[    0.018560] pci 0000:00:06.2: [0014:7a37] type 00 class 0x040300
[    0.018568] pci 0000:00:06.2: reg 0x10: [mem 0xe0143210000-0xe014321ffff 64bit]
[    0.018622] pci 0000:00:07.0: [0014:7a07] type 00 class 0x040300
[    0.018630] pci 0000:00:07.0: reg 0x10: [mem 0xe0143200000-0xe014320ffff 64bit]
[    0.018687] pci 0000:00:09.0: [0014:7a49] type 01 class 0x060400
[    0.018696] pci 0000:00:09.0: reg 0x10: [mem 0xe0143254000-0xe0143254fff 64bit]
[    0.018726] pci 0000:00:09.0: supports D1 D2
[    0.018729] pci 0000:00:09.0: PME# supported from D0 D1 D3hot D3cold
[    0.018801] pci 0000:00:0a.0: [0014:7a39] type 01 class 0x060400
[    0.018811] pci 0000:00:0a.0: reg 0x10: [mem 0xe0143253000-0xe0143253fff 64bit]
[    0.018844] pci 0000:00:0a.0: supports D1 D2
[    0.018846] pci 0000:00:0a.0: PME# supported from D0 D1 D3hot D3cold
[    0.018951] pci 0000:00:0d.0: [0014:7a49] type 01 class 0x060400
[    0.018959] pci 0000:00:0d.0: reg 0x10: [mem 0xe0143252000-0xe0143252fff 64bit]
[    0.018985] pci 0000:00:0d.0: supports D1 D2
[    0.018987] pci 0000:00:0d.0: PME# supported from D0 D1 D3hot D3cold
[    0.019050] pci 0000:00:16.0: [0014:7a1b] type 00 class 0x088000
[    0.019058] pci 0000:00:16.0: reg 0x10: [mem 0xe0143251000-0xe0143251fff 64bit]
[    0.019064] pci 0000:00:16.0: reg 0x18: [mem 0xe0142000000-0xe0142ffffff 64bit]
[    0.019121] pci 0000:00:17.0: [0014:7a0c] type 00 class 0x060100
[    0.019203] pci 0000:00:19.0: [0014:7a34] type 00 class 0x0c0330
[    0.019211] pci 0000:00:19.0: reg 0x10: [mem 0xe0143100000-0xe01431fffff 64bit]
[    0.019304] pci 0000:01:00.0: [14c3:7922] type 00 class 0x028000
[    0.019333] pci 0000:01:00.0: reg 0x10: [mem 0xe0143000000-0xe01430fffff 64bit pref]
[    0.019352] pci 0000:01:00.0: reg 0x18: [mem 0xe0020200000-0xe0020207fff 64bit]
[    0.019462] pci 0000:01:00.0: PME# supported from D0 D3hot D3cold
[    0.019663] pci 0000:02:00.0: [10ec:8168] type 00 class 0x020000
[    0.019690] pci 0000:02:00.0: reg 0x10: [io  0x40000-0x400ff]
[    0.019725] pci 0000:02:00.0: reg 0x18: [mem 0xe0020104000-0xe0020104fff 64bit]
[    0.019748] pci 0000:02:00.0: reg 0x20: [mem 0xe0020100000-0xe0020103fff 64bit]
[    0.019876] pci 0000:02:00.0: supports D1 D2
[    0.019879] pci 0000:02:00.0: PME# supported from D0 D1 D2 D3hot D3cold
[    0.020276] pci 0000:03:00.0: [1d97:5216] type 00 class 0x010802
[    0.020295] pci 0000:03:00.0: reg 0x10: [mem 0xe0020000000-0xe0020003fff 64bit]
[    0.020328] pci 0000:03:00.0: reg 0x30: [mem 0xfffe0000-0xffffffff pref]
[    0.020511] pci 0000:00:06.0: BAR 2: assigned [mem 0xe0100000000-0xe013fffffff 64bit]
[    0.020518] pci 0000:00:16.0: BAR 2: assigned [mem 0xe0140000000-0xe0140ffffff 64bit]
[    0.020523] pci 0000:00:09.0: BAR 14: assigned [mem 0xe0020000000-0xe00200fffff]
[    0.020527] pci 0000:00:09.0: BAR 15: assigned [mem 0xe0141000000-0xe01410fffff 64bit pref]
[    0.020530] pci 0000:00:0a.0: BAR 14: assigned [mem 0xe0020100000-0xe00201fffff]
[    0.020532] pci 0000:00:0d.0: BAR 14: assigned [mem 0xe0020200000-0xe00202fffff]
[    0.020535] pci 0000:00:19.0: BAR 0: assigned [mem 0xe0141100000-0xe01411fffff 64bit]
[    0.020541] pci 0000:00:06.0: BAR 4: assigned [mem 0xe0141200000-0xe014120ffff 64bit]
[    0.020546] pci 0000:00:06.1: BAR 0: assigned [mem 0xe0141210000-0xe014121ffff 64bit]
[    0.020551] pci 0000:00:06.2: BAR 0: assigned [mem 0xe0141220000-0xe014122ffff 64bit]
[    0.020556] pci 0000:00:07.0: BAR 0: assigned [mem 0xe0141230000-0xe014123ffff 64bit]
[    0.020561] pci 0000:00:04.0: BAR 0: assigned [mem 0xe0141240000-0xe0141247fff 64bit]
[    0.020566] pci 0000:00:04.1: BAR 0: assigned [mem 0xe0141248000-0xe014124ffff 64bit]
[    0.020571] pci 0000:00:09.0: BAR 0: assigned [mem 0xe0141250000-0xe0141250fff 64bit]
[    0.020577] pci 0000:00:0a.0: BAR 0: assigned [mem 0xe0141251000-0xe0141251fff 64bit]
[    0.020583] pci 0000:00:0a.0: BAR 13: assigned [io  0x4000-0x4fff]
[    0.020586] pci 0000:00:0d.0: BAR 0: assigned [mem 0xe0141252000-0xe0141252fff 64bit]
[    0.020591] pci 0000:00:16.0: BAR 0: assigned [mem 0xe0141253000-0xe0141253fff 64bit]
[    0.020596] pci 0000:00:06.0: BAR 0: assigned [mem 0xe0141254000-0xe01412540ff 64bit]
[    0.020604] pci 0000:01:00.0: BAR 0: assigned [mem 0xe0141000000-0xe01410fffff 64bit pref]
[    0.020618] pci 0000:01:00.0: BAR 2: assigned [mem 0xe0020000000-0xe0020007fff 64bit]
[    0.020631] pci 0000:00:09.0: PCI bridge to [bus 01]
[    0.020635] pci 0000:00:09.0:   bridge window [mem 0xe0020000000-0xe00200fffff]
[    0.020639] pci 0000:00:09.0:   bridge window [mem 0xe0141000000-0xe01410fffff 64bit pref]
[    0.020644] pci 0000:02:00.0: BAR 4: assigned [mem 0xe0020100000-0xe0020103fff 64bit]
[    0.020660] pci 0000:02:00.0: BAR 2: assigned [mem 0xe0020104000-0xe0020104fff 64bit]
[    0.020676] pci 0000:02:00.0: BAR 0: assigned [io  0x4000-0x40ff]
[    0.020682] pci 0000:00:0a.0: PCI bridge to [bus 02]
[    0.020685] pci 0000:00:0a.0:   bridge window [io  0x4000-0x4fff]
[    0.020688] pci 0000:00:0a.0:   bridge window [mem 0xe0020100000-0xe00201fffff]
[    0.020694] pci 0000:03:00.0: BAR 6: assigned [mem 0xe0020200000-0xe002021ffff pref]
[    0.020697] pci 0000:03:00.0: BAR 0: assigned [mem 0xe0020220000-0xe0020223fff 64bit]
[    0.020706] pci 0000:00:0d.0: PCI bridge to [bus 03]
[    0.020710] pci 0000:00:0d.0:   bridge window [mem 0xe0020200000-0xe00202fffff]
[    0.021673] ACPI: \_SB_.PCI0.LPC_.EC__.PUBS: New power resource
[    0.026687] ACPI: EC: interrupt unblocked
[    0.026691] ACPI: EC: event unblocked
[    0.026706] ACPI: EC: EC_CMD/EC_SC=0x66, EC_DATA=0x62
[    0.026709] ACPI: EC: GPE=0x10
[    0.026711] ACPI: \_SB_.PCI0.LPC_.EC__: Boot DSDT EC initialization complete
[    0.026714] ACPI: \_SB_.PCI0.LPC_.EC__: EC: Used to handle transactions and events
[    0.026811] iommu: Default domain type: Translated
[    0.026814] iommu: DMA domain TLB invalidation policy: strict mode
[    0.026922] SCSI subsystem initialized
[    0.026965] libata version 3.00 loaded.
[    0.027106] ls-spi-pci 0000:00:16.0: can't derive routing for PCI INT A
[    0.027110] ls-spi-pci 0000:00:16.0: PCI INT A: no GSI
[    0.027198] ls-spi-pci 0000:00:16.0: controller is unqueued, this is deprecated
[    0.027263] ACPI: bus type USB registered
[    0.027282] usbcore: registered new interface driver usbfs
[    0.027294] usbcore: registered new interface driver hub
[    0.027304] usbcore: registered new device driver usb
[    0.027344] pps_core: LinuxPPS API ver. 1 registered
[    0.027347] pps_core: Software ver. 5.3.6 - Copyright 2005-2007 Rodolfo Giometti <giometti@linux.it>
[    0.027352] PTP clock support registered
[    0.027496] efivars: Registered efivars operations
[    0.027874] NetLabel: Initializing
[    0.027877] NetLabel:  domain hash size = 128
[    0.027879] NetLabel:  protocols = UNLABELED CIPSOv4 CALIPSO
[    0.027907] NetLabel:  unlabeled traffic allowed by default
[    0.027914] mctp: management component transport protocol core
[    0.027917] NET: Registered PF_MCTP protocol family
[    0.028010] pci 0000:00:06.1: vgaarb: setting as boot VGA device
[    0.028014] pci 0000:00:06.1: vgaarb: bridge control possible
[    0.028016] pci 0000:00:06.1: vgaarb: VGA device added: decodes=io+mem,owns=io+mem,locks=none
[    0.028025] vgaarb: loaded
[    0.028100] clocksource: Switched to clocksource Constant
[    0.028259] VFS: Disk quotas dquot_6.6.0
[    0.028275] VFS: Dquot-cache hash table entries: 2048 (order 0, 16384 bytes)
[    0.028363] pnp: PnP ACPI init
[    0.068350] pnp: PnP ACPI: found 7 devices
[    0.070344] NET: Registered PF_INET protocol family
[    0.070529] IP idents hash table entries: 262144 (order: 7, 2097152 bytes, linear)
[    0.074366] tcp_listen_portaddr_hash hash table entries: 8192 (order: 3, 131072 bytes, linear)
[    0.074405] Table-perturb hash table entries: 65536 (order: 4, 262144 bytes, linear)
[    0.074480] TCP established hash table entries: 131072 (order: 6, 1048576 bytes, linear)
[    0.074785] TCP bind hash table entries: 65536 (order: 7, 2097152 bytes, linear)
[    0.074985] TCP: Hash tables configured (established 131072 bind 65536)
[    0.075084] MPTCP token hash table entries: 16384 (order: 4, 393216 bytes, linear)
[    0.075148] UDP hash table entries: 8192 (order: 4, 262144 bytes, linear)
[    0.075210] UDP-Lite hash table entries: 8192 (order: 4, 262144 bytes, linear)
[    0.075302] NET: Registered PF_UNIX/PF_LOCAL protocol family
[    0.075317] NET: Registered PF_XDP protocol family
[    0.075351] pci 0000:00:04.1: Refused to change power state from D3hot to D0
[    0.075357] pci 0000:00:04.1: EHCI: unrecognized capability ff
[    0.075360] pci 0000:00:04.1: EHCI: unrecognized capability ff
[    0.075362] pci 0000:00:04.1: EHCI: unrecognized capability ff
[    0.075364] pci 0000:00:04.1: EHCI: unrecognized capability ff
[    0.075367] pci 0000:00:04.1: EHCI: unrecognized capability ff
[    0.075369] pci 0000:00:04.1: EHCI: unrecognized capability ff
[    0.075371] pci 0000:00:04.1: EHCI: unrecognized capability ff
[    0.075373] pci 0000:00:04.1: EHCI: unrecognized capability ff
[    0.075375] pci 0000:00:04.1: EHCI: unrecognized capability ff
[    0.075377] pci 0000:00:04.1: EHCI: unrecognized capability ff
[    0.075379] pci 0000:00:04.1: EHCI: unrecognized capability ff
[    0.075381] pci 0000:00:04.1: EHCI: unrecognized capability ff
[    0.075383] pci 0000:00:04.1: EHCI: unrecognized capability ff
[    0.075385] pci 0000:00:04.1: EHCI: unrecognized capability ff
[    0.075387] pci 0000:00:04.1: EHCI: unrecognized capability ff
[    0.075389] pci 0000:00:04.1: EHCI: unrecognized capability ff
[    0.075391] pci 0000:00:04.1: EHCI: unrecognized capability ff
[    0.075394] pci 0000:00:04.1: EHCI: unrecognized capability ff
[    0.075396] pci 0000:00:04.1: EHCI: unrecognized capability ff
[    0.075398] pci 0000:00:04.1: EHCI: unrecognized capability ff
[    0.075400] pci 0000:00:04.1: EHCI: unrecognized capability ff
[    0.075402] pci 0000:00:04.1: EHCI: unrecognized capability ff
[    0.075404] pci 0000:00:04.1: EHCI: unrecognized capability ff
[    0.075406] pci 0000:00:04.1: EHCI: unrecognized capability ff
[    0.075408] pci 0000:00:04.1: EHCI: unrecognized capability ff
[    0.075410] pci 0000:00:04.1: EHCI: unrecognized capability ff
[    0.075413] pci 0000:00:04.1: EHCI: unrecognized capability ff
[    0.075415] pci 0000:00:04.1: EHCI: unrecognized capability ff
[    0.075417] pci 0000:00:04.1: EHCI: unrecognized capability ff
[    0.075419] pci 0000:00:04.1: EHCI: unrecognized capability ff
[    0.075422] pci 0000:00:04.1: EHCI: unrecognized capability ff
[    0.075424] pci 0000:00:04.1: EHCI: unrecognized capability ff
[    0.075426] pci 0000:00:04.1: EHCI: unrecognized capability ff
[    0.075428] pci 0000:00:04.1: EHCI: unrecognized capability ff
[    0.075430] pci 0000:00:04.1: EHCI: unrecognized capability ff
[    0.075432] pci 0000:00:04.1: EHCI: unrecognized capability ff
[    0.075434] pci 0000:00:04.1: EHCI: unrecognized capability ff
[    0.075436] pci 0000:00:04.1: EHCI: unrecognized capability ff
[    0.075439] pci 0000:00:04.1: EHCI: unrecognized capability ff
[    0.075441] pci 0000:00:04.1: EHCI: unrecognized capability ff
[    0.075443] pci 0000:00:04.1: EHCI: unrecognized capability ff
[    0.075445] pci 0000:00:04.1: EHCI: unrecognized capability ff
[    0.075447] pci 0000:00:04.1: EHCI: unrecognized capability ff
[    0.075450] pci 0000:00:04.1: EHCI: unrecognized capability ff
[    0.075452] pci 0000:00:04.1: EHCI: unrecognized capability ff
[    0.075454] pci 0000:00:04.1: EHCI: unrecognized capability ff
[    0.075456] pci 0000:00:04.1: EHCI: unrecognized capability ff
[    0.075458] pci 0000:00:04.1: EHCI: unrecognized capability ff
[    0.075460] pci 0000:00:04.1: EHCI: unrecognized capability ff
[    0.075463] pci 0000:00:04.1: EHCI: unrecognized capability ff
[    0.075465] pci 0000:00:04.1: EHCI: unrecognized capability ff
[    0.075467] pci 0000:00:04.1: EHCI: unrecognized capability ff
[    0.075469] pci 0000:00:04.1: EHCI: unrecognized capability ff
[    0.075471] pci 0000:00:04.1: EHCI: unrecognized capability ff
[    0.075473] pci 0000:00:04.1: EHCI: unrecognized capability ff
[    0.075475] pci 0000:00:04.1: EHCI: unrecognized capability ff
[    0.075477] pci 0000:00:04.1: EHCI: unrecognized capability ff
[    0.075480] pci 0000:00:04.1: EHCI: unrecognized capability ff
[    0.075482] pci 0000:00:04.1: EHCI: unrecognized capability ff
[    0.075484] pci 0000:00:04.1: EHCI: unrecognized capability ff
[    0.075486] pci 0000:00:04.1: EHCI: unrecognized capability ff
[    0.075488] pci 0000:00:04.1: EHCI: unrecognized capability ff
[    0.075490] pci 0000:00:04.1: EHCI: unrecognized capability ff
[    0.075492] pci 0000:00:04.1: EHCI: capability loop?
[    0.075518] pci 0000:00:19.0: enabling device (0000 -> 0002)
[    0.075534] PCI: CLS 0 bytes, default 64
[    0.075618] Trying to unpack rootfs image as initramfs...
[    0.076442] Initialise system trusted keyrings
[    0.076502] workingset: timestamp_bits=40 max_order=20 bucket_order=0
[    0.076528] zbud: loaded
[    0.085416] jitterentropy: Initialization failed with host not compliant with requirements: 9
[    0.085421] Key type asymmetric registered
[    0.085424] Asymmetric key parser 'x509' registered
[    0.085455] Block layer SCSI generic (bsg) driver version 0.4 loaded (major 249)
[    0.085506] io scheduler mq-deadline registered
[    0.085509] io scheduler kyber registered
[    0.085521] io scheduler bfq registered
[    0.086410] shpchp: Standard Hot Plug PCI Controller Driver version: 0.4
[    0.086459] efifb: probing for efifb
[    0.086465] efifb: framebuffer at 0xe0100000000, using 8112k, total 8100k
[    0.086467] efifb: mode is 1920x1080x32, linelength=7680, pages=1
[    0.086471] efifb: scrolling: redraw
[    0.086472] efifb: Truecolor: size=8:8:8:8, shift=24:16:8:0
[    0.212304] Freeing initrd memory: 8480K
[    0.394228] Console: switching to colour frame buffer device 240x67
[    0.681145] fb0: EFI VGA frame buffer device
[    0.700243] ACPI: AC: AC Adapter [AC] (on-line)
[    0.700338] input: Lid Switch as /devices/LNXSYSTM:00/LNXSYBUS:00/PNP0A08:00/device:00/PNP0C0D:00/input/input0
[    0.700373] ACPI: button: Lid Switch [LID]
[    0.700431] input: Power Button as /devices/LNXSYSTM:00/LNXPWRBN:00/input/input1
[    0.704159] ACPI: button: Power Button [PWRF]
[    0.704901] thermal LNXTHERM:00: registered as thermal_zone0
[    0.704907] ACPI: thermal: Thermal Zone [THM0] (57 C)
[    0.706523] Serial: 8250/16550 driver, 16 ports, IRQ sharing enabled
[    0.706866] 00:02: ttyS0 at MMIO 0x1fe001e0 (irq = 36, base_baud = 6250000) is a ST16650
[    0.727254] 00:03: ttyS1 at MMIO 0x10080000 (irq = 37, base_baud = 3125000) is a 16550A
[    0.747654] 00:04: ttyS2 at MMIO 0x10080100 (irq = 37, base_baud = 3125000) is a 16550A
[    0.768019] 00:05: ttyS3 at MMIO 0x10080200 (irq = 37, base_baud = 3125000) is a 16550A
[    0.788404] 00:06: ttyS4 at MMIO 0x10080300 (irq = 37, base_baud = 3125000) is a 16550A
[    0.790512] ACPI: bus type drm_connector registered
[    0.791591] e1000: Intel(R) PRO/1000 Network Driver
[    0.791596] e1000: Copyright (c) 1999-2006 Intel Corporation.
[    0.791627] e1000e: Intel(R) PRO/1000 Network Driver
[    0.791629] e1000e: Copyright(c) 1999 - 2015 Intel Corporation.
[    0.791664] igb: Intel(R) Gigabit Ethernet Network Driver
[    0.791666] igb: Copyright (c) 2007-2014 Intel Corporation.
[    0.791697] ixgbe: Intel(R) 10 Gigabit PCI Express Network Driver
[    0.791699] ixgbe: Copyright (c) 1999-2016 Intel Corporation.
[    0.792058] ehci-pci 0000:00:04.1: Refused to change power state from D3hot to D0
[    0.792114] ehci-pci 0000:00:04.1: EHCI Host Controller
[    0.792127] ehci-pci 0000:00:04.1: new USB bus registered, assigned bus number 1
[    0.792197] ehci-pci 0000:00:04.1: irq 44, io mem 0xe0141248000
[    0.808099] ehci-pci 0000:00:04.1: USB f.f started, EHCI 1.00
[    0.808184] usb usb1: New USB device found, idVendor=1d6b, idProduct=0002, bcdDevice= 6.05
[    0.808188] usb usb1: New USB device strings: Mfr=3, Product=2, SerialNumber=1
[    0.808191] usb usb1: Product: EHCI Host Controller
[    0.808194] usb usb1: Manufacturer: Linux 6.5.0-4 ehci_hcd
[    0.808196] usb usb1: SerialNumber: 0000:00:04.1
[    0.808371] hub 1-0:1.0: USB hub found
[    0.808383] hub 1-0:1.0: 4 ports detected
[    0.808767] ohci-pci 0000:00:04.0: OHCI PCI host controller
[    0.808775] ohci-pci 0000:00:04.0: new USB bus registered, assigned bus number 2
[    0.808811] ohci-pci 0000:00:04.0: irq 45, io mem 0xe0141240000
[    0.872176] usb usb2: New USB device found, idVendor=1d6b, idProduct=0001, bcdDevice= 6.05
[    0.872180] usb usb2: New USB device strings: Mfr=3, Product=2, SerialNumber=1
[    0.872183] usb usb2: Product: OHCI PCI host controller
[    0.872185] usb usb2: Manufacturer: Linux 6.5.0-4 ohci_hcd
[    0.872188] usb usb2: SerialNumber: 0000:00:04.0
[    0.872329] hub 2-0:1.0: USB hub found
[    0.872342] hub 2-0:1.0: 4 ports detected
[    0.872771] usbcore: registered new interface driver usbserial_generic
[    0.872799] usbserial: USB Serial support registered for generic
[    0.872916] i8042: PNP: PS/2 Controller [PNP0303:KBD,PNP0f13:MOU] at 0x60,0x64 irq 34,35
[    0.886097] serio: i8042 KBD port at 0x60,0x64 irq 34
[    0.886161] serio: i8042 AUX port at 0x60,0x64 irq 35
[    0.888497] rtc-efi rtc-efi.0: registered as rtc0
[    0.888933] rtc-efi rtc-efi.0: setting system clock to 2023-09-16T08:40:54 UTC (1694853654)
[    0.892638] rtc rtc1: invalid alarm value: 1964-02-16T00:00:00
[    0.892698] loongson-rtc LOON0001:00: registered as rtc1
[    0.892754] i2c_dev: i2c /dev entries driver
[    1.068102] usb 1-1: new high-speed USB device number 2 using ehci-pci
[    1.257318] usb 1-1: New USB device found, idVendor=13d3, idProduct=784b, bcdDevice= 3.24
[    1.257324] usb 1-1: New USB device strings: Mfr=1, Product=2, SerialNumber=3
[    1.257327] usb 1-1: Product: USB Camera
[    1.257329] usb 1-1: Manufacturer: SunplusIT Inc
[    1.257331] usb 1-1: SerialNumber: MTD-S20210324V001
[    1.308568] ledtrig-cpu: registered to indicate activity on CPUs
[    1.308750] pstore: Registered efi_pstore as persistent store backend
[    1.308771] hid: raw HID events driver (C) Jiri Kosina
[    1.308791] Loongson Hwmon Enter...
[    1.308819] Initial CPU temperature is 57000 (highest).
[    1.309624] loongson_laptop: acpi_evalf(VCBL, vd, ...) failed: AE_NOT_FOUND
[    1.311181] loongson_laptop: ACPI: enabling firmware HKEY event interface...
[    1.311218] input: Loongson Generic Laptop/All-in-One Extra Buttons as /devices/virtual/input/input3
[    1.311260] loongson_laptop: acpi_evalf(ECBG, d, ...) failed: AE_NOT_FOUND
[    1.312891] Initializing XFRM netlink socket
[    1.312925] NET: Registered PF_INET6 protocol family
[    1.319205] Segment Routing with IPv6
[    1.319209] RPL Segment Routing with IPv6
[    1.319229] In-situ OAM (IOAM) with IPv6
[    1.319260] NET: Registered PF_PACKET protocol family
[    1.322462] registered taskstats version 1
[    1.322519] Loading compiled-in X.509 certificates
[    1.323092] zswap: loaded using pool zstd/zbud
[    1.326257] Key type .fscrypt registered
[    1.326262] Key type fscrypt-provisioning registered
[    1.326418] pstore: Using crash dump compression: zstd
[    1.326596] clk: Disabling unused clocks
[    1.388109] usb 1-2: new high-speed USB device number 3 using ehci-pci
[    1.546563] usb 1-2: New USB device found, idVendor=13d3, idProduct=3568, bcdDevice= 1.00
[    1.546568] usb 1-2: New USB device strings: Mfr=5, Product=6, SerialNumber=7
[    1.546570] usb 1-2: Product: Wireless_Device
[    1.546573] usb 1-2: Manufacturer: MediaTek Inc.
[    1.546576] usb 1-2: SerialNumber: 000000000
[    2.336120] ACPI: battery: [Firmware Bug]: (dis)charge rate invalid.
[    2.336223] ACPI: battery: Slot [BAT0] (battery present)
[    2.336369] Freeing unused kernel image (initmem) memory: 512K
[    2.336374] This architecture does not have kernel memory protection.
[    2.336381] Run /init as init process
[    2.336384]   with arguments:
[    2.336386]     /init
[    2.336388]   with environment:
[    2.336390]     HOME=/
[    2.336392]     TERM=linux
[    2.336394]     BOOT_IMAGE=/vmlinuz-linux
[    2.603746] [drm] loongson kernel modesetting enabled.
[    2.604212] xhci_hcd 0000:00:19.0: xHCI Host Controller
[    2.604226] xhci_hcd 0000:00:19.0: new USB bus registered, assigned bus number 3
[    2.604361] xhci_hcd 0000:00:19.0: hcc params 0x0238fe6d hci version 0x110 quirks 0x0000000000000010
[    2.604499] xhci_hcd 0000:00:19.0: xHCI Host Controller
[    2.604504] xhci_hcd 0000:00:19.0: new USB bus registered, assigned bus number 4
[    2.604509] xhci_hcd 0000:00:19.0: Host supports USB 3.0 SuperSpeed
[    2.604598] [drm] Set LS7A2000 DC device
[    2.612309] usb usb3: New USB device found, idVendor=1d6b, idProduct=0002, bcdDevice= 6.05
[    2.612314] usb usb3: New USB device strings: Mfr=3, Product=2, SerialNumber=1
[    2.612317] usb usb3: Product: xHCI Host Controller
[    2.612320] usb usb3: Manufacturer: Linux 6.5.0-4 xhci-hcd
[    2.612322] usb usb3: SerialNumber: 0000:00:19.0
[    2.612517] hub 3-0:1.0: USB hub found
[    2.612533] hub 3-0:1.0: 4 ports detected
[    2.612713] usb usb4: We don't know the algorithms for LPM for this host, disabling LPM.
[    2.612746] usb usb4: New USB device found, idVendor=1d6b, idProduct=0003, bcdDevice= 6.05
[    2.612750] usb usb4: New USB device strings: Mfr=3, Product=2, SerialNumber=1
[    2.612752] usb usb4: Product: xHCI Host Controller
[    2.612754] usb usb4: Manufacturer: Linux 6.5.0-4 xhci-hcd
[    2.612757] usb usb4: SerialNumber: 0000:00:19.0
[    2.612885] hub 4-0:1.0: USB hub found
[    2.612895] hub 4-0:1.0: 4 ports detected
[    2.613180] [drm] Get VBIOS from VRAM success!
[    2.613183] [drm] Loongson VBIOS version 2.1
[    2.613189] [drm] ldev->mmio_base = 0xe0141210000, ldev->mmio_size = 0x10000
[    2.613217] [drm] Created dc-i2c0, sda=0, scl=1
[    2.613309] [drm] Register i2c algo-bit adapter [ls7a_dc_i2c0]
[    2.613313] [drm] Created dc-i2c1, sda=2, scl=3
[    2.613370] [drm] Register i2c algo-bit adapter [ls7a_dc_i2c1]
[    2.613570] nvme nvme0: pci function 0000:03:00.0
[    2.615750] Console: switching to colour dummy device 80x25
[    2.615970] [drm] Initialized loongson-drm 1.0.1 20201201 for 0000:00:06.1 on minor 0
[    2.620889] nvme nvme0: Shutdown timeout set to 8 seconds
[    2.626261] nvme nvme0: allocated 64 MiB host memory buffer.
[    2.688607] nvme nvme0: 4/0/0 default/read/poll queues
[    2.690274]  nvme0n1: p1 p2 p3
[    2.700108] Console: switching to colour frame buffer device 240x67
[    2.759349] loongson-drm 0000:00:06.1: [drm] fb0: loongson-drmdrm frame buffer device
[    2.914167] EXT4-fs (nvme0n1p2): mounted filesystem 195f8701-5c9d-43a8-b973-2916cf480e76 r/w with ordered data mode. Quota mode: none.
[    2.964116] usb 3-1: new full-speed USB device number 2 using xhci_hcd
[    3.049915] systemd[1]: systemd 253.7-1-arch running in system mode (+PAM +AUDIT -SELINUX -APPARMOR -IMA +SMACK +SECCOMP +GCRYPT +GNUTLS +OPENSSL +ACL +BLKID +CURL +ELFUTILS +FIDO2 +IDN2 -IDN +IPTC +KMOD +LIBCRYPTSETUP +LIBFDISK +PCRE2 -PWQUALITY +P11KIT -QRENCODE +TPM2 +BZIP2 +LZ4 +XZ +ZLIB +ZSTD +BPF_FRAMEWORK +XKBCOMMON +UTMP -SYSVINIT default-hierarchy=unified)
[    3.049923] systemd[1]: Detected architecture loongarch64.
[    3.050704] systemd[1]: Hostname set to <mako>.
[    3.117217] usb 3-1: New USB device found, idVendor=04d9, idProduct=0407, bcdDevice= 3.10
[    3.117223] usb 3-1: New USB device strings: Mfr=0, Product=1, SerialNumber=3
[    3.117226] usb 3-1: Product: USB-HID Keyboard
[    3.117229] usb 3-1: SerialNumber: 000000000407
[    3.158719] systemd[1]: bpf-lsm: BPF LSM hook not enabled in the kernel, BPF LSM not supported
[    3.158937] memfd_create() without MFD_EXEC nor MFD_NOEXEC_SEAL, pid=1 'systemd'
[    3.250303] input: ImExPS/2 Generic Explorer Mouse as /devices/platform/i8042/serio1/input/input2
[    3.264106] usb 3-4: new full-speed USB device number 3 using xhci_hcd
[    3.272003] systemd[1]: Queued start job for default target Graphical Interface.
[    3.289378] systemd[1]: Created slice Slice /system/clash.
[    3.290059] systemd[1]: Created slice Slice /system/getty.
[    3.290597] systemd[1]: Created slice Slice /system/modprobe.
[    3.291158] systemd[1]: Created slice Slice /system/systemd-fsck.
[    3.291645] systemd[1]: Created slice User and Session Slice.
[    3.291864] systemd[1]: Started Dispatch Password Requests to Console Directory Watch.
[    3.292051] systemd[1]: Started Forward Password Requests to Wall Directory Watch.
[    3.292412] systemd[1]: Set up automount Arbitrary Executable File Formats File System Automount Point.
[    3.292583] systemd[1]: Reached target Local Encrypted Volumes.
[    3.292705] systemd[1]: Reached target Local Integrity Protected Volumes.
[    3.292828] systemd[1]: Reached target Path Units.
[    3.292942] systemd[1]: Reached target Remote File Systems.
[    3.293045] systemd[1]: Reached target Slice Units.
[    3.293156] systemd[1]: Reached target Swaps.
[    3.293263] systemd[1]: Reached target Local Verity Protected Volumes.
[    3.293462] systemd[1]: Listening on Device-mapper event daemon FIFOs.
[    3.295247] systemd[1]: Listening on Process Core Dump Socket.
[    3.295557] systemd[1]: Listening on Journal Socket (/dev/log).
[    3.295843] systemd[1]: Listening on Journal Socket.
[    3.296328] systemd[1]: Listening on udev Control Socket.
[    3.296578] systemd[1]: Listening on udev Kernel Socket.
[    3.297871] systemd[1]: Mounting Huge Pages File System...
[    3.299085] systemd[1]: Mounting POSIX Message Queue File System...
[    3.300281] systemd[1]: Mounting Kernel Debug File System...
[    3.300507] systemd[1]: Kernel Trace File System was skipped because of an unmet condition check (ConditionPathExists=/sys/kernel/tracing).
[    3.301743] systemd[1]: Mounting Temporary Directory /tmp...
[    3.303030] systemd[1]: Starting Create List of Static Device Nodes...
[    3.304303] systemd[1]: Starting Load Kernel Module configfs...
[    3.305528] systemd[1]: Starting Load Kernel Module dm_mod...
[    3.306759] systemd[1]: Starting Load Kernel Module drm...
[    3.307982] systemd[1]: Starting Load Kernel Module fuse...
[    3.309223] systemd[1]: Starting Load Kernel Module loop...
[    3.309408] systemd[1]: File System Check on Root Device was skipped because of an unmet condition check (ConditionPathIsReadWrite=!/).
[    3.311338] systemd[1]: Starting Journal Service...
[    3.311649] device-mapper: uevent: version 1.0.3
[    3.311836] device-mapper: ioctl: 4.48.0-ioctl (2023-03-01) initialised: dm-devel@redhat.com
[    3.311889] loop: module loaded
[    3.312942] fuse: init (API version 7.38)
[    3.313003] systemd[1]: Starting Load Kernel Modules...
[    3.313161] systemd[1]: TPM2 PCR Machine ID Measurement was skipped because of an unmet condition check (ConditionPathExists=/sys/firmware/efi/efivars/StubPcrKernelImage-4a67b082-0a4c-41cf-b6c7-440b29bb8c4f).
[    3.314261] systemd[1]: Starting Remount Root and Kernel File Systems...
[    3.315550] systemd[1]: Starting Coldplug All udev Devices...
[    3.317704] systemd[1]: Mounted Huge Pages File System.
[    3.317993] systemd[1]: Mounted POSIX Message Queue File System.
[    3.318354] systemd[1]: Mounted Kernel Debug File System.
[    3.318603] systemd[1]: Mounted Temporary Directory /tmp.
[    3.319048] systemd[1]: Finished Create List of Static Device Nodes.
[    3.319745] systemd[1]: modprobe@configfs.service: Deactivated successfully.
[    3.319974] systemd[1]: Finished Load Kernel Module configfs.
[    3.320496] systemd[1]: modprobe@dm_mod.service: Deactivated successfully.
[    3.320706] systemd[1]: Finished Load Kernel Module dm_mod.
[    3.321944] EXT4-fs (nvme0n1p2): re-mounted 195f8701-5c9d-43a8-b973-2916cf480e76 r/w. Quota mode: none.
[    3.323065] systemd[1]: modprobe@drm.service: Deactivated successfully.
[    3.323293] systemd[1]: Finished Load Kernel Module drm.
[    3.325153] systemd[1]: modprobe@fuse.service: Deactivated successfully.
[    3.325365] systemd[1]: Finished Load Kernel Module fuse.
[    3.327141] systemd[1]: modprobe@loop.service: Deactivated successfully.
[    3.327353] systemd[1]: Finished Load Kernel Module loop.
[    3.329365] systemd[1]: Finished Load Kernel Modules.
[    3.331129] systemd[1]: Finished Remount Root and Kernel File Systems.
[    3.331904] systemd-journald[1453]: Collecting audit messages is disabled.
[    3.334431] systemd[1]: Mounting FUSE Control File System...
[    3.337096] systemd[1]: Mounting Kernel Configuration File System...
[    3.338509] systemd[1]: First Boot Wizard was skipped because of an unmet condition check (ConditionFirstBoot=yes).
[    3.339028] systemd[1]: Rebuild Hardware Database was skipped because of an unmet condition check (ConditionNeedsUpdate=/etc).
[    3.340787] systemd[1]: Starting Load/Save OS Random Seed...
[    3.342192] systemd[1]: Repartition Root Disk was skipped because no trigger condition checks were met.
[    3.343252] systemd[1]: Starting Apply Kernel Variables...
[    3.344669] systemd[1]: Create System Users was skipped because no trigger condition checks were met.
[    3.345837] systemd[1]: Starting Create Static Device Nodes in /dev...
[    3.349512] systemd[1]: Mounted FUSE Control File System.
[    3.350987] systemd[1]: Mounted Kernel Configuration File System.
[    3.357014] systemd[1]: Finished Apply Kernel Variables.
[    3.378514] input: AT Translated Set 2 keyboard as /devices/platform/i8042/serio0/input/input4
[    3.392569] systemd[1]: Started Journal Service.
[    3.419184] systemd-journald[1453]: Received client request to flush runtime journal.
[    3.426174] systemd-journald[1453]: /var/log/journal/5f348742548e447c9d34a5742fb9b595/system.journal: Monotonic clock jumped backwards relative to last journal entry, rotating.
[    3.426182] systemd-journald[1453]: Rotating system journal.
[    3.456675] usb 3-4: New USB device found, idVendor=3274, idProduct=8002, bcdDevice= 0.01
[    3.456692] usb 3-4: New USB device strings: Mfr=0, Product=0, SerialNumber=0
[    3.573758] mousedev: PS/2 mouse device common for all mice
[    3.582861] IPMI message handler: version 39.2
[    3.583558] ipmi device interface
[    3.586251] ipmi_si: IPMI System Interface driver
[    3.586380] ipmi_si IPI0001:00: ipmi_platform: probing via ACPI
[    3.586438] ipmi_si IPI0001:00: ipmi_platform: [io  0x0ca2] regsize 1 spacing 1 irq 0
[    3.591657] ipmi_si: Adding ACPI-specified kcs state machine
[    3.591808] ipmi_si: Trying ACPI-specified kcs state machine at i/o address 0xca2, slave address 0x0, irq 0
[    3.591874] ipmi_si IPI0001:00: There appears to be no BMC at this location
[    3.602005] input: USB-HID Keyboard as /devices/pci0000:00/0000:00:19.0/usb3/3-1/3-1:1.0/0003:04D9:0407.0001/input/input5
[    3.619057] FAT-fs (nvme0n1p1): Volume was not properly unmounted. Some data may be corrupt. Please run fsck.
[    3.660487] hid-generic 0003:04D9:0407.0001: input,hidraw0: USB HID v1.11 Keyboard [USB-HID Keyboard] on usb-0000:00:19.0-1/input0
[    3.661308] hid-generic 0003:04D9:0407.0002: hiddev96,hidraw1: USB HID v1.11 Device [USB-HID Keyboard] on usb-0000:00:19.0-1/input1
[    3.662940] input: USB-HID Keyboard System Control as /devices/pci0000:00/0000:00:19.0/usb3/3-1/3-1:1.2/0003:04D9:0407.0003/input/input6
[    3.720196] input: USB-HID Keyboard Consumer Control as /devices/pci0000:00/0000:00:19.0/usb3/3-1/3-1:1.2/0003:04D9:0407.0003/input/input7
[    3.720272] input: USB-HID Keyboard Mouse as /devices/pci0000:00/0000:00:19.0/usb3/3-1/3-1:1.2/0003:04D9:0407.0003/input/input8
[    3.722663] input: USB-HID Keyboard as /devices/pci0000:00/0000:00:19.0/usb3/3-1/3-1:1.2/0003:04D9:0407.0003/input/input9
[    3.723962] hid-generic 0003:04D9:0407.0003: input,hidraw2: USB HID v1.11 Mouse [USB-HID Keyboard] on usb-0000:00:19.0-1/input2
[    3.748169] input: HID 3274:8002 as /devices/pci0000:00/0000:00:19.0/usb3/3-4/3-4:1.0/0003:3274:8002.0004/input/input10
[    3.808914] hid-generic 0003:3274:8002.0004: input,hidraw3: USB HID v1.10 Keyboard [HID 3274:8002] on usb-0000:00:19.0-4/input0
[    3.814381] EXT4-fs (nvme0n1p3): mounted filesystem 723aa200-9c6e-4624-a3bb-db3958b6878e r/w with ordered data mode. Quota mode: none.
[    3.852854] r8169 0000:02:00.0 eth0: RTL8168h/8111h, 00:23:9e:26:5d:12, XID 541, IRQ 53
[    3.852871] r8169 0000:02:00.0 eth0: jumbo features [frames: 9194 bytes, tx checksumming: ko]
[    3.854675] mc: Linux media interface: v0.10
[    3.861970] input: HID 3274:8002 Mouse as /devices/pci0000:00/0000:00:19.0/usb3/3-4/3-4:1.1/0003:3274:8002.0005/input/input11
[    3.862262] input: HID 3274:8002 Consumer Control as /devices/pci0000:00/0000:00:19.0/usb3/3-4/3-4:1.1/0003:3274:8002.0005/input/input12
[    3.871493] videodev: Linux video capture interface: v2.00
[    3.873135] snd_hda_intel 0000:00:06.2: Force to snoop mode by module option
[    3.878413] snd_hda_intel 0000:00:07.0: Force to snoop mode by module option
[    3.888249] usb 1-1: Found UVC 1.00 device USB Camera (13d3:784b)
[    3.889810] cfg80211: Loading compiled-in X.509 certificates for regulatory database
[    3.898443] snd_hda_codec_realtek hdaudioC1D0: autoconfig for ALC269VC: line_outs=1 (0x1b/0x0/0x0/0x0/0x0) type:line
[    3.898452] snd_hda_codec_realtek hdaudioC1D0:    speaker_outs=2 (0x14/0x17/0x0/0x0/0x0)
[    3.898456] snd_hda_codec_realtek hdaudioC1D0:    hp_outs=1 (0x15/0x0/0x0/0x0/0x0)
[    3.898460] snd_hda_codec_realtek hdaudioC1D0:    mono: mono_out=0x0
[    3.898462] snd_hda_codec_realtek hdaudioC1D0:    dig-out=0x1e/0x0
[    3.898465] snd_hda_codec_realtek hdaudioC1D0:    inputs:
[    3.898468] snd_hda_codec_realtek hdaudioC1D0:      Internal Mic=0x19
[    3.898471] snd_hda_codec_realtek hdaudioC1D0:      Mic=0x18
[    3.898474] snd_hda_codec_realtek hdaudioC1D0:      Line=0x1a
[    3.902287] input: HDA Loongson HDMI/DP,pcm=3 as /devices/pci0000:00/0000:00:06.2/sound/card0/input13
[    3.914778] Loaded X.509 cert 'sforshee: 00b28ddf47aef9cea7'
[    3.915389] platform regulatory.0: Direct firmware load for regulatory.db failed with error -2
[    3.915397] cfg80211: failed to load regulatory.db
[    3.917293] input: HDA Loongson Mic as /devices/pci0000:00/0000:00:07.0/sound/card1/input15
[    3.925686] input: HDA Loongson HDMI/DP,pcm=7 as /devices/pci0000:00/0000:00:06.2/sound/card0/input14
[    3.925864] hid-generic 0003:3274:8002.0005: input,hidraw4: USB HID v1.10 Mouse [HID 3274:8002] on usb-0000:00:19.0-4/input1
[    3.925962] usbcore: registered new interface driver usbhid
[    3.925966] usbhid: USB HID core driver
[    3.926206] input: HDA Loongson Line as /devices/pci0000:00/0000:00:07.0/sound/card1/input16
[    3.926338] input: HDA Loongson Front Line Out as /devices/pci0000:00/0000:00:07.0/sound/card1/input17
[    3.926504] input: HDA Loongson Headphone as /devices/pci0000:00/0000:00:07.0/sound/card1/input18
[    3.927954] r8169 0000:02:00.0 eno1: renamed from eth0
[    3.928161] usbcore: registered new interface driver uvcvideo
[    3.947450] Bluetooth: Core ver 2.22
[    3.947499] NET: Registered PF_BLUETOOTH protocol family
[    3.947502] Bluetooth: HCI device and connection manager initialized
[    3.947513] Bluetooth: HCI socket layer initialized
[    3.947517] Bluetooth: L2CAP socket layer initialized
[    3.947527] Bluetooth: SCO socket layer initialized
[    3.965987] usb-storage 3-1:1.3: USB Mass Storage device detected
[    3.992035] scsi host0: usb-storage 3-1:1.3
[    3.993212] usbcore: registered new interface driver usb-storage
[    3.994040] usbcore: registered new interface driver btusb
[    3.995905] usbcore: registered new interface driver uas
[    4.036120] mt7921e 0000:01:00.0: ASIC revision: 79220010
[    4.122052] mt7921e 0000:01:00.0: HW/SW Version: 0x8a108a10, Build Time: 20230530123154a

[    4.137656] Bluetooth: hci0: Device setup in 138494 usecs
[    4.137664] Bluetooth: hci0: HCI Enhanced Setup Synchronous Connection command is advertised, but not supported.
[    4.143743] mt7921e 0000:01:00.0: WM Firmware Version: ____000000, Build Time: 20230530123236
[    4.198396] Bluetooth: hci0: AOSP extensions version v1.00
[    4.198403] Bluetooth: hci0: AOSP quality report is supported
[    4.264104] random: crng init done
[    4.408272] Bluetooth: BNEP (Ethernet Emulation) ver 1.3
[    4.408288] Bluetooth: BNEP filters: protocol multicast
[    4.408299] Bluetooth: BNEP socket layer initialized
[    4.412182] Bluetooth: MGMT ver 1.22
[    4.416624] NET: Registered PF_ALG protocol family
[    4.496516] systemd-journald[1453]: /var/log/journal/5f348742548e447c9d34a5742fb9b595/user-1000.journal: Monotonic clock jumped backwards relative to last journal entry, rotating.
[    4.596116] Generic FE-GE Realtek PHY r8169-0-200:00: attached PHY driver (mii_bus:phy_addr=r8169-0-200:00, irq=MAC)
[    4.769122] r8169 0000:02:00.0: can't set Max_Read_Request_Size to 4096; max is 256
[    4.796219] r8169 0000:02:00.0 eno1: Link is Down
[    5.016774] scsi 0:0:0:0: Direct-Access     TEX      Mass Storage     0.01 PQ: 0 ANSI: 6
[    5.019923] sd 0:0:0:0: [sda] Media removed, stopped polling
[    5.020264] sd 0:0:0:0: [sda] Attached SCSI removable disk
[    5.220822] mt7921e 0000:01:00.0 wlp1s0: renamed from wlan0
[   10.588130] usb 1-1: reset high-speed USB device number 2 using ehci-pci
[   11.029163] Bluetooth: RFCOMM TTY layer initialized
[   11.029186] Bluetooth: RFCOMM socket layer initialized
[   11.029200] Bluetooth: RFCOMM ver 1.11
[   11.264177] usb 1-2: reset high-speed USB device number 3 using ehci-pci
[   12.833776] wlp1s0: authenticate with 04:f0:21:b4:a5:f5
[   13.048104] Bluetooth: hci0: command 0x0c24 tx timeout
[   13.048107] Bluetooth: hci0: Opcode 0x c24 failed: -110
[   13.331585] wlp1s0: send auth to 04:f0:21:b4:a5:f5 (try 1/3)
[   13.343863] wlp1s0: authenticated
[   13.348134] wlp1s0: associate with 04:f0:21:b4:a5:f5 (try 1/3)
[   13.363882] wlp1s0: RX AssocResp from 04:f0:21:b4:a5:f5 (capab=0x111 status=0 aid=1)
[   13.395859] wlp1s0: associated
[   13.819516] wlp1s0: Limiting TX power to 21 (24 - 3) dBm as advertised by 04:f0:21:b4:a5:f5
[   15.064108] Bluetooth: hci0: Opcode 0x c24 failed: -110
[   15.192174] usb 1-2: reset high-speed USB device number 3 using ehci-pci
[   18.237464] Bluetooth: hci0: Device setup in 2820155 usecs
[   18.237483] Bluetooth: hci0: HCI Enhanced Setup Synchronous Connection command is advertised, but not supported.
[   18.297465] Bluetooth: hci0: AOSP extensions version v1.00
[   18.297470] Bluetooth: hci0: AOSP quality report is supported
[   18.297724] Bluetooth: MGMT ver 1.22
[   21.244298] input: WH-1000XM5 (AVRCP) as /devices/virtual/input/input19
[   33.626997] warning: `ThreadPoolForeg' uses wireless extensions which will stop working for Wi-Fi 7 hardware; use nl80211
[  559.825568] do_page_fault(): sending SIGSEGV to Thread<00> for invalid read access from 00000004063e8a00
[  559.825578] era = 00000004063e8a00 in
[  559.825584] ra  = 00007fffec6144d0 in libvk_swiftshader.so[7fffec264000+1570000]
[  688.344212] usb 1-1: reset high-speed USB device number 2 using ehci-pci
[  715.880173] usb 1-1: reset high-speed USB device number 2 using ehci-pci
[  858.644127] usb 1-1: reset high-speed USB device number 2 using ehci-pci
[  971.381227] usb 1-1: reset high-speed USB device number 2 using ehci-pci
[  981.348108] Bluetooth: hci0: ACL packet for unknown connection handle 3837
[ 1001.852138] usb 1-1: reset high-speed USB device number 2 using ehci-pci
[ 1114.150949] do_page_fault(): sending SIGSEGV to Thread<00> for invalid read access from 0000000406a6a560
[ 1114.150960] era = 0000000406a6a560 in
[ 1114.150965] ra  = 00007fffec6144d0 in libvk_swiftshader.so[7fffec264000+1570000]
[ 1197.939744] do_page_fault(): sending SIGSEGV to Thread<00> for invalid read access from 0000000406a86000
[ 1197.939754] era = 0000000406a86000 in
[ 1197.939760] ra  = 00007fffec6144d0 in libvk_swiftshader.so[7fffec264000+1570000]
[ 1203.036139] Bluetooth: hci0: ACL packet for unknown connection handle 3837
[ 1448.732119] Bluetooth: hci0: ACL packet for unknown connection handle 3837
[ 1671.753412] input: WH-1000XM5 (AVRCP) as /devices/virtual/input/input20
[ 1797.108127] Bluetooth: hci0: ACL packet for unknown connection handle 3837
[ 2033.668116] Bluetooth: hci0: ACL packet for unknown connection handle 3837
